// Jest Snapshot v1, https://goo.gl/fbAQLP

exports[`renders mainListItem correctly 1`] = `<mainListItem />`;

exports[`renders secondaryListItem correctly 1`] = `<secondaryListItem />`;
