// Jest Snapshot v1, https://goo.gl/fbAQLP

exports[`renders Title correctly 1`] = `
<h2
  className="MuiTypography-root MuiTypography-h6 MuiTypography-gutterBottom css-gi7hi0-MuiTypography-root"
/>
`;
