// Jest Snapshot v1, https://goo.gl/fbAQLP

exports[`renders correctly 1`] = `
<div
  className="MuiBox-root css-k008qs"
>
  <header
    className="MuiPaper-root MuiPaper-elevation MuiPaper-elevation4 MuiAppBar-root MuiAppBar-colorPrimary MuiAppBar-positionAbsolute css-n7rtur-MuiPaper-root-MuiAppBar-root"
  >
    <div
      className="MuiToolbar-root MuiToolbar-gutters MuiToolbar-regular css-m9mp0w-MuiToolbar-root"
    >
      <button
        aria-label="open drawer"
        className="MuiButtonBase-root MuiIconButton-root MuiIconButton-colorInherit MuiIconButton-edgeStart MuiIconButton-sizeMedium css-1johsky-MuiButtonBase-root-MuiIconButton-root"
        disabled={false}
        onBlur={[Function]}
        onClick={[Function]}
        onContextMenu={[Function]}
        onDragLeave={[Function]}
        onFocus={[Function]}
        onKeyDown={[Function]}
        onKeyUp={[Function]}
        onMouseDown={[Function]}
        onMouseLeave={[Function]}
        onMouseUp={[Function]}
        onTouchEnd={[Function]}
        onTouchMove={[Function]}
        onTouchStart={[Function]}
        tabIndex={0}
        type="button"
      >
        <svg
          aria-hidden={true}
          className="MuiSvgIcon-root MuiSvgIcon-fontSizeMedium css-i4bv87-MuiSvgIcon-root"
          data-testid="MenuIcon"
          focusable="false"
          viewBox="0 0 24 24"
        >
          <path
            d="M3 18h18v-2H3zm0-5h18v-2H3zm0-7v2h18V6z"
          />
        </svg>
      </button>
      <h1
        className="MuiTypography-root MuiTypography-h6 MuiTypography-noWrap css-uh02xs-MuiTypography-root"
      >
        Dashboard
      </h1>
      <button
        className="MuiButtonBase-root MuiIconButton-root MuiIconButton-colorInherit MuiIconButton-sizeMedium css-zylse7-MuiButtonBase-root-MuiIconButton-root"
        disabled={false}
        onBlur={[Function]}
        onContextMenu={[Function]}
        onDragLeave={[Function]}
        onFocus={[Function]}
        onKeyDown={[Function]}
        onKeyUp={[Function]}
        onMouseDown={[Function]}
        onMouseLeave={[Function]}
        onMouseUp={[Function]}
        onTouchEnd={[Function]}
        onTouchMove={[Function]}
        onTouchStart={[Function]}
        tabIndex={0}
        type="button"
      >
        <span
          className="MuiBadge-root css-1c32n2y-MuiBadge-root"
        >
          <svg
            aria-hidden={true}
            className="MuiSvgIcon-root MuiSvgIcon-fontSizeMedium css-i4bv87-MuiSvgIcon-root"
            data-testid="NotificationsIcon"
            focusable="false"
            viewBox="0 0 24 24"
          >
            <path
              d="M12 22c1.1 0 2-.9 2-2h-4c0 1.1.89 2 2 2m6-6v-5c0-3.07-1.64-5.64-4.5-6.32V4c0-.83-.67-1.5-1.5-1.5s-1.5.67-1.5 1.5v.68C7.63 5.36 6 7.92 6 11v5l-2 2v1h16v-1z"
            />
          </svg>
          <span
            className="MuiBadge-badge MuiBadge-standard MuiBadge-anchorOriginTopRight MuiBadge-anchorOriginTopRightRectangular MuiBadge-overlapRectangular MuiBadge-colorSecondary css-1abqjyq-MuiBadge-badge"
          >
            4
          </span>
        </span>
      </button>
    </div>
  </header>
  <div
    className="MuiDrawer-root MuiDrawer-docked css-cvumne-MuiDrawer-docked"
  >
    <div
      className="MuiPaper-root MuiPaper-elevation MuiPaper-elevation0 MuiDrawer-paper MuiDrawer-paperAnchorLeft MuiDrawer-paperAnchorDockedLeft css-12i7wg6-MuiPaper-root-MuiDrawer-paper"
    >
      <div
        className="MuiToolbar-root MuiToolbar-gutters MuiToolbar-regular css-1dd0suk-MuiToolbar-root"
      >
        <button
          className="MuiButtonBase-root MuiIconButton-root MuiIconButton-sizeMedium css-78trlr-MuiButtonBase-root-MuiIconButton-root"
          disabled={false}
          onBlur={[Function]}
          onClick={[Function]}
          onContextMenu={[Function]}
          onDragLeave={[Function]}
          onFocus={[Function]}
          onKeyDown={[Function]}
          onKeyUp={[Function]}
          onMouseDown={[Function]}
          onMouseLeave={[Function]}
          onMouseUp={[Function]}
          onTouchEnd={[Function]}
          onTouchMove={[Function]}
          onTouchStart={[Function]}
          tabIndex={0}
          type="button"
        >
          <svg
            aria-hidden={true}
            className="MuiSvgIcon-root MuiSvgIcon-fontSizeMedium css-i4bv87-MuiSvgIcon-root"
            data-testid="ChevronLeftIcon"
            focusable="false"
            viewBox="0 0 24 24"
          >
            <path
              d="M15.41 7.41 14 6l-6 6 6 6 1.41-1.41L10.83 12z"
            />
          </svg>
        </button>
      </div>
      <hr
        className="MuiDivider-root MuiDivider-fullWidth css-9mgopn-MuiDivider-root"
      />
      <nav
        className="MuiList-root MuiList-padding css-h4y409-MuiList-root"
      >
        <a
          className="MuiButtonBase-root MuiListItemButton-root MuiListItemButton-gutters MuiListItemButton-root MuiListItemButton-gutters css-16ac5r2-MuiButtonBase-root-MuiListItemButton-root"
          href="/campaigns"
          onBlur={[Function]}
          onContextMenu={[Function]}
          onDragLeave={[Function]}
          onFocus={[Function]}
          onKeyDown={[Function]}
          onKeyUp={[Function]}
          onMouseDown={[Function]}
          onMouseLeave={[Function]}
          onMouseUp={[Function]}
          onTouchEnd={[Function]}
          onTouchMove={[Function]}
          onTouchStart={[Function]}
          tabIndex={0}
        >
          <div
            className="MuiListItemIcon-root css-cveggr-MuiListItemIcon-root"
          >
            <svg
              aria-hidden={true}
              className="MuiSvgIcon-root MuiSvgIcon-fontSizeMedium css-i4bv87-MuiSvgIcon-root"
              data-testid="BarChartIcon"
              focusable="false"
              viewBox="0 0 24 24"
            >
              <path
                d="M4 9h4v11H4zm12 4h4v7h-4zm-6-9h4v16h-4z"
              />
            </svg>
          </div>
          <div
            className="MuiListItemText-root css-tlelie-MuiListItemText-root"
          >
            <span
              className="MuiTypography-root MuiTypography-body1 MuiListItemText-primary css-10hburv-MuiTypography-root"
            >
              Campaigns
            </span>
          </div>
        </a>
        <a
          className="MuiButtonBase-root MuiListItemButton-root MuiListItemButton-gutters MuiListItemButton-root MuiListItemButton-gutters css-16ac5r2-MuiButtonBase-root-MuiListItemButton-root"
          href="/details"
          onBlur={[Function]}
          onContextMenu={[Function]}
          onDragLeave={[Function]}
          onFocus={[Function]}
          onKeyDown={[Function]}
          onKeyUp={[Function]}
          onMouseDown={[Function]}
          onMouseLeave={[Function]}
          onMouseUp={[Function]}
          onTouchEnd={[Function]}
          onTouchMove={[Function]}
          onTouchStart={[Function]}
          tabIndex={0}
        >
          <div
            className="MuiListItemIcon-root css-cveggr-MuiListItemIcon-root"
          >
            <svg
              aria-hidden={true}
              className="MuiSvgIcon-root MuiSvgIcon-fontSizeMedium css-i4bv87-MuiSvgIcon-root"
              data-testid="LayersIcon"
              focusable="false"
              viewBox="0 0 24 24"
            >
              <path
                d="m11.99 18.54-7.37-5.73L3 14.07l9 7 9-7-1.63-1.27zM12 16l7.36-5.73L21 9l-9-7-9 7 1.63 1.27z"
              />
            </svg>
          </div>
          <div
            className="MuiListItemText-root css-tlelie-MuiListItemText-root"
          >
            <span
              className="MuiTypography-root MuiTypography-body1 MuiListItemText-primary css-10hburv-MuiTypography-root"
            >
              Details
            </span>
          </div>
        </a>
        <hr
          className="MuiDivider-root MuiDivider-fullWidth css-1b008ma-MuiDivider-root"
        />
        <div
          className="MuiListSubheader-root MuiListSubheader-gutters MuiListSubheader-inset MuiListSubheader-sticky css-mkzahr-MuiListSubheader-root"
        >
          Saved reports
        </div>
      </nav>
    </div>
  </div>
  <main
    className="MuiBox-root css-fxbtpg"
  >
    <div
      className="MuiToolbar-root MuiToolbar-gutters MuiToolbar-regular css-hyum1k-MuiToolbar-root"
    />
  </main>
</div>
`;
